2026-09-10 19:15:19,648 | INFO | smart_property_ai | Starting Smart Property AI version 1.0.0 in development mode.
2026-09-10 19:15:20,924 | INFO | smart_property_ai | Database tables are ready.
2026-09-10 19:16:16,049 | INFO | smart_property_ai | GET / -> 200 160.62ms
2026-09-10 19:16:16,076 | INFO | smart_property_ai | GET / -> 200 11.58ms
2026-09-10 19:16:16,339 | INFO | smart_property_ai | GET /static/css/accessibility.css -> 404 219.32ms
2026-09-10 19:16:16,340 | INFO | smart_property_ai | GET /static/css/responsive.css -> 404 202.50ms
2026-09-10 19:16:16,341 | INFO | smart_property_ai | GET /static/css/style.css -> 200 222.20ms
2026-09-10 19:16:16,371 | INFO | smart_property_ai | GET /static/js/speech-output.js -> 404 26.37ms
2026-09-10 19:16:16,372 | INFO | smart_property_ai | GET /static/js/language-selector.js -> 404 27.41ms
2026-09-10 19:16:16,374 | INFO | smart_property_ai | GET /static/js/main.js -> 404 29.13ms
2026-09-10 19:16:16,376 | INFO | smart_property_ai | GET /static/css/responsive.css -> 404 23.73ms
2026-09-10 19:16:16,377 | INFO | smart_property_ai | GET /static/css/accessibility.css -> 404 24.90ms
2026-09-10 19:16:16,388 | INFO | smart_property_ai | GET /static/js/voice-forms.js -> 404 19.45ms
2026-09-10 19:16:16,406 | INFO | smart_property_ai | GET /static/js/speech-output.js -> 404 24.54ms
2026-09-10 19:16:16,409 | INFO | smart_property_ai | GET /static/css/responsive.css -> 404 22.60ms
2026-09-10 19:16:16,411 | INFO | smart_property_ai | GET /static/js/guided-search.js -> 404 28.92ms
2026-09-10 19:16:16,417 | INFO | smart_property_ai | GET /static/css/accessibility.css -> 404 31.34ms
2026-09-10 19:16:16,421 | INFO | smart_property_ai | GET /static/js/language-selector.js -> 404 35.25ms
2026-09-10 19:16:16,428 | INFO | smart_property_ai | GET /static/js/main.js -> 404 31.57ms
2026-09-10 19:16:16,451 | INFO | smart_property_ai | GET /static/js/voice-forms.js -> 404 23.03ms
2026-09-10 19:16:16,453 | INFO | smart_property_ai | GET /static/js/guided-search.js -> 404 12.91ms
2026-09-10 19:16:17,170 | INFO | smart_property_ai | GET /static/images/favicon.ico -> 404 26.06ms
2026-09-10 19:16:17,225 | INFO | smart_property_ai | GET /static/images/favicon.ico -> 404 21.65ms
2026-09-10 19:16:50,797 | INFO | smart_property_ai | GET /listings -> 200 29.11ms
2026-09-10 19:16:50,888 | INFO | smart_property_ai | GET /favicon.ico -> 307 7.34ms
2026-09-10 19:16:50,916 | INFO | smart_property_ai | GET /static/images/favicon.ico -> 404 13.63ms
2026-09-10 19:17:03,060 | INFO | smart_property_ai | GET / -> 200 23.71ms
2026-09-10 19:17:03,087 | INFO | smart_property_ai | GET /static/css/accessibility.css -> 404 16.92ms
2026-09-10 19:17:03,090 | INFO | smart_property_ai | GET /static/css/responsive.css -> 404 19.34ms
2026-09-10 19:17:03,099 | INFO | smart_property_ai | GET /static/js/language-selector.js -> 404 18.78ms
2026-09-10 19:17:03,101 | INFO | smart_property_ai | GET /static/js/main.js -> 404 20.86ms
2026-09-10 19:17:03,102 | INFO | smart_property_ai | GET /static/js/speech-output.js -> 404 19.21ms
2026-09-10 19:17:03,105 | INFO | smart_property_ai | GET /static/js/voice-forms.js -> 404 17.68ms
2026-09-10 19:17:03,110 | INFO | smart_property_ai | GET /static/js/guided-search.js -> 404 11.68ms
2026-09-10 19:17:06,165 | INFO | smart_property_ai | GET /listings -> 200 1.07ms
2026-09-10 19:17:09,046 | INFO | smart_property_ai | GET /listings/guided-search -> 200 2.80ms
2026-09-10 19:17:12,427 | INFO | smart_property_ai | GET / -> 200 5.81ms
2026-09-10 19:17:12,454 | INFO | smart_property_ai | GET /static/css/accessibility.css -> 404 13.74ms
2026-09-10 19:17:12,456 | INFO | smart_property_ai | GET /static/css/responsive.css -> 404 14.91ms
2026-09-10 19:17:12,463 | INFO | smart_property_ai | GET /static/js/main.js -> 404 18.90ms
2026-09-10 19:17:12,466 | INFO | smart_property_ai | GET /static/js/language-selector.js -> 404 19.56ms
2026-09-10 19:17:12,469 | INFO | smart_property_ai | GET /static/js/voice-forms.js -> 404 19.58ms
2026-09-10 19:17:12,471 | INFO | smart_property_ai | GET /static/js/speech-output.js -> 404 21.06ms
2026-09-10 19:17:12,477 | INFO | smart_property_ai | GET /static/js/guided-search.js -> 404 10.95ms
2026-09-10 19:17:13,895 | INFO | smart_property_ai | GET /ai/assistant -> 200 1.93ms
2026-09-10 19:17:15,465 | INFO | smart_property_ai | GET / -> 200 6.61ms
2026-09-10 19:17:15,508 | INFO | smart_property_ai | GET /static/js/speech-output.js -> 404 15.08ms
2026-09-10 19:17:15,509 | INFO | smart_property_ai | GET /static/css/accessibility.css -> 404 17.43ms
2026-09-10 19:17:15,510 | INFO | smart_property_ai | GET /static/css/responsive.css -> 404 16.79ms
2026-09-10 19:17:15,511 | INFO | smart_property_ai | GET /static/js/language-selector.js -> 404 17.62ms
2026-09-10 19:17:15,512 | INFO | smart_property_ai | GET /static/js/main.js -> 404 18.90ms
2026-09-10 19:17:15,514 | INFO | smart_property_ai | GET /static/js/voice-forms.js -> 404 17.91ms
2026-09-10 19:17:15,520 | INFO | smart_property_ai | GET /static/js/guided-search.js -> 404 4.04ms
2026-09-10 19:17:17,165 | INFO | smart_property_ai | GET /login -> 200 1.65ms
2026-09-10 19:17:22,396 | INFO | smart_property_ai | GET / -> 200 508.16ms
2026-09-10 19:17:22,550 | INFO | smart_property_ai | GET /static/css/responsive.css -> 404 63.30ms
2026-09-10 19:17:22,587 | INFO | smart_property_ai | GET /static/css/accessibility.css -> 404 134.17ms
2026-09-10 19:17:22,592 | INFO | smart_property_ai | GET /static/js/speech-output.js -> 404 87.78ms
2026-09-10 19:17:22,595 | INFO | smart_property_ai | GET /static/js/voice-forms.js -> 404 92.01ms
2026-09-10 19:17:22,634 | INFO | smart_property_ai | GET /static/js/main.js -> 404 130.43ms
2026-09-10 19:17:22,674 | INFO | smart_property_ai | GET /static/js/language-selector.js -> 404 166.37ms
2026-09-10 19:17:22,824 | INFO | smart_property_ai | GET /static/js/guided-search.js -> 404 197.80ms
2026-09-10 19:18:13,457 | INFO | smart_property_ai | GET /ai/assistant -> 200 0.61ms
2026-09-10 19:18:16,054 | INFO | smart_property_ai | GET / -> 200 4.98ms
2026-09-10 19:18:16,075 | INFO | smart_property_ai | GET /static/css/accessibility.css -> 404 10.62ms
2026-09-10 19:18:16,078 | INFO | smart_property_ai | GET /static/css/responsive.css -> 404 13.02ms
2026-09-10 19:18:16,085 | INFO | smart_property_ai | GET /static/js/speech-output.js -> 404 14.73ms
2026-09-10 19:18:16,086 | INFO | smart_property_ai | GET /static/js/main.js -> 404 15.98ms
2026-09-10 19:18:16,088 | INFO | smart_property_ai | GET /static/js/language-selector.js -> 404 18.34ms
2026-09-10 19:18:16,090 | INFO | smart_property_ai | GET /static/js/voice-forms.js -> 404 19.35ms
2026-09-10 19:18:16,096 | INFO | smart_property_ai | GET /static/js/guided-search.js -> 404 7.73ms
2026-09-10 19:18:21,640 | INFO | smart_property_ai | GET /ai/assistant -> 200 0.60ms
2026-09-10 19:18:24,250 | INFO | smart_property_ai | GET / -> 200 4.24ms
2026-09-10 19:18:24,268 | INFO | smart_property_ai | GET /static/css/responsive.css -> 404 8.29ms
2026-09-10 19:18:24,270 | INFO | smart_property_ai | GET /static/css/accessibility.css -> 404 10.72ms
2026-09-10 19:18:24,275 | INFO | smart_property_ai | GET /static/js/main.js -> 404 12.01ms
2026-09-10 19:18:24,276 | INFO | smart_property_ai | GET /static/js/language-selector.js -> 404 11.80ms
2026-09-10 19:18:24,279 | INFO | smart_property_ai | GET /static/js/speech-output.js -> 404 12.95ms
2026-09-10 19:18:24,281 | INFO | smart_property_ai | GET /static/js/voice-forms.js -> 404 14.82ms
2026-09-10 19:18:24,285 | INFO | smart_property_ai | GET /static/js/guided-search.js -> 404 8.27ms
2026-09-10 19:19:04,188 | INFO | smart_property_ai | GET /ai/assistant -> 200 1.23ms
2026-09-10 19:19:09,490 | INFO | smart_property_ai | GET /ai/assistant -> 200 0.61ms
2026-09-10 19:35:59,427 | INFO | smart_property_ai | Shutting down Smart Property AI.
